                                   Протокол трансформирования растра 08.07.2026 12:18:31

                                   Исходный растр : D:\Olga\Projects\BMM\map_stitch1.rsw
                                   Выходной растр : D:\Olga\Projects\BMM\Rswtrans\map_stitch1_tr.rsw
                                   Размер элемента = 0.518 метров
                                   Интерполяция : Ближайший сосед

                                   Тип трансформирования : Сдвиг, поворот, масштабирование

                              Коэффициенты преобразования для пересчета в выходную систему координат

                            Xисх = -10795464.5951442740 +1.9313196074 * Xвых +0.0272999812 * Yвых
                            Yисх = -8466873.8652244560 -0.0272999812 * Xвых +1.9313196074 * Yвых

                            Xвых = 5526609.4649545120 +0.5176772537 * Xисх -0.0073175767 * Yисх
                            Yвых = 4462104.6495155500 +0.0073175767 * Xисх +0.5176772537 * Yисх

                                   Масштаб (Длина исх / Длина вых) = 1,9315125458673
                                   Поворот (радианы) = -0,0141344617764393
                                   Поворот (градусы) = -0°48'35.44"

                        Опорные точки, по которым выполнялось вычисление параметров трансформирования

     Измеренные коор-ты         Измеренные коор-ты        Вычисленные коор-ты         Расхождения           Расхождения,         Расхождения,
       в выходной СК              в исходной СК              в исходной СК        (исх.измер.-исх.выч.)     приведенные к        приведенные к
     метры на местности          метры на растре            метры на растре          метры на растре     метрам на местности  мм. в масштабе карты

1  5527243.327  4462602.719     1253.880      972.599     1237.787      944.627    -16.093    -27.972     -8.332    -14.482     -0.333     -0.579
2  5527950.668  4464119.068     2642.504     3885.683     2645.285     3853.871      2.781    -31.812      1.440    -16.470      0.058     -0.659
3  5528551.653  4463391.054     3796.160     2414.063     3786.105     2431.437    -10.055     17.374     -5.206      8.995     -0.208      0.360
4  5527854.097  4463430.168     2425.580     2502.747     2439.969     2526.021     14.389     23.274      7.450     12.050      0.298      0.482
5  5527331.088  4463485.635     1422.408     2628.288     1431.386     2647.424      8.978     19.136      4.648      9.907      0.186      0.396

                                                                          СКО =     11.449     24.512      5.928     12.691      0.237      0.508
                                                                          СКО в плане =   27.054                14.007                 0.560
